#-----------------------------------------------------------
# Vivado v2024.1 (64-bit)
# SW Build 5076996 on Wed May 22 18:37:14 MDT 2024
# IP Build 5075265 on Wed May 22 21:45:21 MDT 2024
# SharedData Build 5076995 on Wed May 22 18:29:18 MDT 2024
# Start of session at: Thu Nov  7 16:43:42 2024
# Process ID: 1496
# Current directory: C:/CodeRepos/mSDFDFT/FPGA_VIVADO/FPGA_VIVADO.runs/impl_1
# Command line: vivado.exe -log DFT_top.vdi -applog -product Vivado -messageDb vivado.pb -mode batch -source DFT_top.tcl -notrace
# Log file: C:/CodeRepos/mSDFDFT/FPGA_VIVADO/FPGA_VIVADO.runs/impl_1/DFT_top.vdi
# Journal file: C:/CodeRepos/mSDFDFT/FPGA_VIVADO/FPGA_VIVADO.runs/impl_1\vivado.jou
# Running On        :Teletran1
# Platform          :Windows Server 2016 or Windows 10
# Operating System  :22631
# Processor Detail  :13th Gen Intel(R) Core(TM) i7-13620H
# CPU Frequency     :2918 MHz
# CPU Physical cores:10
# CPU Logical cores :16
# Host memory       :16849 MB
# Swap memory       :9663 MB
# Total Virtual     :26512 MB
# Available Virtual :8067 MB
#-----------------------------------------------------------
source DFT_top.tcl -notrace
