# Synopsys Constraint Checker, version maplat, Build 1612R, built Dec  5 2016
# Copyright (C) 1994-2016 Synopsys, Inc. All rights reserved. This Synopsys software and all associated documentation are proprietary to Synopsys, Inc. and may only be used pursuant to the terms and conditions of a written license agreement with Synopsys, Inc. All other use, reproduction, modification, or distribution of the Synopsys software or the associated documentation is strictly prohibited.

# Written on Fri Jun 14 15:22:36 2024


##### DESIGN INFO #######################################################

Top View:                "DFT_top"
Constraint File(s):      (none)




##### SUMMARY ############################################################

Found 0 issues in 0 out of 0 constraints


##### DETAILS ############################################################



Clock Relationships
*******************

Starting              Ending                |     rise to rise     |     fall to fall     |     rise to fall     |     fall to rise                     
-------------------------------------------------------------------------------------------------------------------------------------------------------
DFT_top|i_sys_clk     DFT_top|i_sys_clk     |     No paths         |     33.333           |     No paths         |     No paths                         
=======================================================================================================================================================
 Note: 'No paths' indicates there are no paths in the design for that pair of clock edges.
       'Diff grp' indicates that paths exist but the starting clock and ending clock are in different clock groups.


Unconstrained Start/End Points
******************************

p:i_sys_rst
p:i_wr
p:i_x[0]
p:i_x[1]
p:i_x[2]
p:i_x[3]
p:i_x[4]
p:i_x[5]
p:i_x[6]
p:i_x[7]
p:i_x[8]
p:i_x[9]
p:i_x[10]
p:i_x[11]
p:o_X[0]
p:o_X[1]
p:o_X[2]
p:o_X[3]
p:o_X[4]
p:o_X[5]
p:o_X[6]
p:o_X[7]
p:o_X[8]
p:o_X[9]
p:o_X[10]
p:o_X[11]
p:o_X[12]
p:o_X[13]
p:o_X[14]
p:o_X[15]
p:o_X[16]
p:o_X[17]
p:o_X[18]
p:o_X[19]
p:o_X[20]
p:o_X[21]
p:o_X[22]
p:o_X[23]
p:o_X[24]
p:o_X[25]
p:o_X[26]
p:o_X[27]
p:o_X[28]
p:o_X[29]
p:o_X[30]
p:o_X[31]
p:o_X[32]
p:o_X[33]
p:o_X[34]
p:o_X[35]
p:o_X[36]
p:o_X[37]
p:o_X[38]
p:o_X[39]
p:o_X[40]
p:o_X[41]
p:o_X[42]
p:o_X[43]
p:o_X[44]
p:o_X[45]
p:o_X[46]
p:o_X[47]
p:o_X[48]
p:o_X[49]
p:o_X[50]
p:o_X[51]
p:o_X[52]
p:o_X[53]
p:o_X[54]
p:o_X[55]
p:o_X[56]
p:o_X[57]
p:o_X[58]
p:o_X[59]
p:o_X[60]
p:o_X[61]
p:o_X[62]
p:o_X[63]
p:o_X[64]
p:o_X[65]
p:o_X[66]
p:o_X[67]
p:o_X[68]
p:o_X[69]
p:o_X[70]
p:o_X[71]
p:o_X[72]
p:o_X[73]
p:o_X[74]
p:o_X[75]
p:o_X[76]
p:o_X[77]
p:o_X[78]
p:o_X[79]
p:o_X[80]
p:o_X[81]
p:o_X[82]
p:o_X[83]
p:o_X[84]
p:o_X[85]
p:o_X[86]
p:o_X[87]
p:o_X[88]
p:o_X[89]
p:o_X[90]
p:o_X[91]
p:o_X[92]
p:o_X[93]
p:o_X[94]
p:o_X[95]
p:o_X[96]
p:o_X[97]
p:o_X[98]
p:o_X[99]
p:o_X[100]
p:o_X[101]
p:o_X[102]
p:o_X[103]
p:o_X[104]
p:o_X[105]
p:o_X[106]
p:o_X[107]
p:o_X[108]
p:o_X[109]
p:o_X[110]
p:o_X[111]
p:o_X[112]
p:o_X[113]
p:o_X[114]
p:o_X[115]
p:o_X[116]
p:o_X[117]
p:o_X[118]
p:o_X[119]
p:o_X[120]
p:o_X[121]
p:o_X[122]
p:o_X[123]
p:o_X[124]
p:o_X[125]
p:o_X[126]
p:o_X[127]
p:o_X[128]
p:o_X[129]
p:o_X[130]
p:o_X[131]
p:o_X[132]
p:o_X[133]
p:o_X[134]
p:o_X[135]
p:o_X[136]
p:o_X[137]
p:o_X[138]
p:o_X[139]
p:o_X[140]
p:o_X[141]
p:o_X[142]
p:o_X[143]
p:o_X[144]
p:o_X[145]
p:o_X[146]
p:o_X[147]
p:o_X[148]
p:o_X[149]
p:o_X[150]
p:o_X[151]
p:o_X[152]
p:o_X[153]
p:o_X[154]
p:o_X[155]
p:o_X[156]
p:o_X[157]
p:o_X[158]
p:o_X[159]
p:o_X[160]
p:o_X[161]
p:o_X[162]
p:o_X[163]
p:o_X[164]
p:o_X[165]
p:o_X[166]
p:o_X[167]
p:o_X[168]
p:o_X[169]
p:o_X[170]
p:o_X[171]
p:o_X[172]
p:o_X[173]
p:o_X[174]
p:o_X[175]
p:o_X[176]
p:o_X[177]
p:o_X[178]
p:o_X[179]
p:o_X[180]
p:o_X[181]
p:o_X[182]
p:o_X[183]
p:o_X[184]
p:o_X[185]
p:o_X[186]
p:o_X[187]
p:o_X[188]
p:o_X[189]
p:o_X[190]
p:o_X[191]
p:o_X[192]
p:o_X[193]
p:o_X[194]
p:o_X[195]
p:o_X[196]
p:o_X[197]
p:o_X[198]
p:o_X[199]
p:o_X[200]
p:o_X[201]
p:o_X[202]
p:o_X[203]
p:o_X[204]
p:o_X[205]
p:o_X[206]
p:o_X[207]
p:o_X[208]
p:o_X[209]
p:o_X[210]
p:o_X[211]
p:o_X[212]
p:o_X[213]
p:o_X[214]
p:o_X[215]
p:o_X[216]
p:o_X[217]
p:o_X[218]
p:o_X[219]
p:o_X[220]
p:o_X[221]
p:o_X[222]
p:o_X[223]
p:o_X[224]
p:o_X[225]
p:o_X[226]
p:o_X[227]
p:o_X[228]
p:o_X[229]
p:o_X[230]
p:o_X[231]
p:o_X[232]
p:o_X[233]
p:o_X[234]
p:o_X[235]
p:o_X[236]
p:o_X[237]
p:o_X[238]
p:o_X[239]
p:o_X[240]
p:o_X[241]
p:o_X[242]
p:o_X[243]
p:o_X[244]
p:o_X[245]
p:o_X[246]
p:o_X[247]
p:o_X[248]
p:o_X[249]
p:o_X[250]
p:o_X[251]
p:o_X[252]
p:o_X[253]
p:o_X[254]
p:o_X[255]
p:o_X[256]
p:o_X[257]
p:o_X[258]
p:o_X[259]
p:o_X[260]
p:o_X[261]
p:o_X[262]
p:o_X[263]
p:o_X[264]
p:o_X[265]
p:o_X[266]
p:o_X[267]
p:o_X[268]
p:o_X[269]
p:o_X[270]
p:o_X[271]
p:o_X[272]
p:o_X[273]
p:o_X[274]
p:o_X[275]
p:o_X[276]
p:o_X[277]
p:o_X[278]
p:o_X[279]
p:o_X[280]
p:o_X[281]
p:o_X[282]
p:o_X[283]
p:o_X[284]
p:o_X[285]
p:o_X[286]
p:o_X[287]
p:o_X[288]
p:o_X[289]
p:o_X[290]
p:o_X[291]
p:o_X[292]
p:o_X[293]
p:o_X[294]
p:o_X[295]
p:o_X[296]
p:o_X[297]
p:o_X[298]
p:o_X[299]
p:o_X[300]
p:o_X[301]
p:o_X[302]
p:o_X[303]
p:o_X[304]
p:o_X[305]
p:o_X[306]
p:o_X[307]
p:o_X[308]
p:o_X[309]
p:o_X[310]
p:o_X[311]
p:o_X[312]
p:o_X[313]
p:o_X[314]
p:o_X[315]
p:o_X[316]
p:o_X[317]
p:o_X[318]
p:o_X[319]
p:o_X[320]
p:o_X[321]
p:o_X[322]
p:o_X[323]
p:o_X[324]
p:o_X[325]
p:o_X[326]
p:o_X[327]
p:o_X[328]
p:o_X[329]
p:o_X[330]
p:o_X[331]
p:o_X[332]
p:o_X[333]
p:o_X[334]
p:o_X[335]
p:o_X[336]
p:o_X[337]
p:o_X[338]
p:o_X[339]
p:o_X[340]
p:o_X[341]
p:o_X[342]
p:o_X[343]
p:o_X[344]
p:o_X[345]
p:o_X[346]
p:o_X[347]
p:o_X[348]
p:o_X[349]
p:o_X[350]
p:o_X[351]
p:o_X[352]
p:o_X[353]
p:o_X[354]
p:o_X[355]
p:o_X[356]
p:o_X[357]
p:o_X[358]
p:o_X[359]
p:o_X[360]
p:o_X[361]
p:o_X[362]
p:o_X[363]
p:o_X[364]
p:o_X[365]
p:o_X[366]
p:o_X[367]
p:o_X[368]
p:o_X[369]
p:o_X[370]
p:o_X[371]
p:o_X[372]
p:o_X[373]
p:o_X[374]
p:o_X[375]
p:o_X[376]
p:o_X[377]
p:o_X[378]
p:o_X[379]
p:o_X[380]
p:o_X[381]
p:o_X[382]
p:o_X[383]
p:o_done


Inapplicable constraints
************************

(none)


Applicable constraints with issues
**********************************

(none)


Constraints with matching wildcard expressions
**********************************************

(none)


Library Report
**************


# End of Constraint Checker Report
